[15:26:28] [Server thread/INFO]: Starting minecraft server version 1.11.2
[15:26:28] [Server thread/INFO]: Loading properties
[15:26:28] [Server thread/INFO]: Default game type: CREATIVE
[15:26:29] [Server thread/INFO]: This server is running CraftBukkit version git-Spigot-6de2fbc-c1aa859 (MC: 1.11.2) (Implementing API version 1.11.2-R0.1-SNAPSHOT)
[15:26:29] [Server thread/INFO]: Debug logging is disabled
[15:26:29] [Server thread/INFO]: Server Ping Player Sample Count: 12
[15:26:29] [Server thread/INFO]: Using 4 threads for Netty based IO
[15:26:29] [Server thread/INFO]: Generating keypair
[15:26:29] [Server thread/INFO]: Starting Minecraft server on *:25565
[15:26:29] [Server thread/INFO]: Using default channel type
[15:26:29] [Server thread/INFO]: Set PluginClassLoader as parallel capable
[15:26:29] [Server thread/INFO]: [SetSpawn] Loading SetSpawn v2.1
[15:26:29] [Server thread/INFO]: [RaspberryJuice] Loading RaspberryJuice v1.7
[15:26:29] [Server thread/WARN]: **** SERVER IS RUNNING IN OFFLINE/INSECURE MODE!
[15:26:29] [Server thread/WARN]: The server will make no attempt to authenticate usernames. Beware.
[15:26:29] [Server thread/WARN]: While this makes the game possible to play without internet access, it also opens up the ability for hackers to connect with any username they choose.
[15:26:29] [Server thread/WARN]: To change this, set "online-mode" to "true" in the server.properties file.
[15:26:29] [Server thread/INFO]: **** Beginning UUID conversion, this may take A LONG time ****
[15:26:29] [Server thread/INFO]: Preparing level "world"
[15:26:29] [Server thread/INFO]: -------- World Settings For [world] --------
[15:26:29] [Server thread/INFO]: Allow Zombie Pigmen to spawn from portal blocks: true
[15:26:29] [Server thread/INFO]: Zombie Aggressive Towards Villager: true
[15:26:29] [Server thread/INFO]: Item Merge Radius: 2.5
[15:26:29] [Server thread/INFO]: Item Despawn Rate: 6000
[15:26:29] [Server thread/INFO]: Arrow Despawn Rate: 1200
[15:26:29] [Server thread/INFO]: Nerfing mobs spawned from spawners: false
[15:26:29] [Server thread/INFO]: Experience Merge Radius: 3.0
[15:26:29] [Server thread/INFO]: Custom Map Seeds:  Village: 10387312 Feature: 14357617Monument: 10387313 Slime: 987234911
[15:26:29] [Server thread/INFO]: View Distance: 10
[15:26:29] [Server thread/INFO]: Cactus Growth Modifier: 100%
[15:26:29] [Server thread/INFO]: Cane Growth Modifier: 100%
[15:26:29] [Server thread/INFO]: Melon Growth Modifier: 100%
[15:26:29] [Server thread/INFO]: Mushroom Growth Modifier: 100%
[15:26:29] [Server thread/INFO]: Pumpkin Growth Modifier: 100%
[15:26:29] [Server thread/INFO]: Sapling Growth Modifier: 100%
[15:26:29] [Server thread/INFO]: Wheat Growth Modifier: 100%
[15:26:29] [Server thread/INFO]: NetherWart Growth Modifier: 100%
[15:26:29] [Server thread/INFO]: Vine Growth Modifier: 100%
[15:26:29] [Server thread/INFO]: Cocoa Growth Modifier: 100%
[15:26:29] [Server thread/INFO]: Mob Spawn Range: 4
[15:26:29] [Server thread/INFO]: Entity Activation Range: An 32 / Mo 32 / Mi 16
[15:26:29] [Server thread/INFO]: Structure Info Saving: true
[15:26:29] [Server thread/INFO]: Tile Max Tick Time: 50ms Entity max Tick Time: 50ms
[15:26:29] [Server thread/INFO]: Random Lighting Updates: false
[15:26:29] [Server thread/INFO]: Max TNT Explosions: 100
[15:26:29] [Server thread/INFO]: Entity Tracking Range: Pl 48 / An 48 / Mo 48 / Mi 32 / Other 64
[15:26:29] [Server thread/INFO]: Hopper Transfer: 8 Hopper Check: 8 Hopper Amount: 1
[15:26:29] [Server thread/INFO]: -------- World Settings For [world_nether] --------
[15:26:29] [Server thread/INFO]: Allow Zombie Pigmen to spawn from portal blocks: true
[15:26:29] [Server thread/INFO]: Zombie Aggressive Towards Villager: true
[15:26:29] [Server thread/INFO]: Item Merge Radius: 2.5
[15:26:29] [Server thread/INFO]: Item Despawn Rate: 6000
[15:26:29] [Server thread/INFO]: Arrow Despawn Rate: 1200
[15:26:29] [Server thread/INFO]: Nerfing mobs spawned from spawners: false
[15:26:29] [Server thread/INFO]: Experience Merge Radius: 3.0
[15:26:29] [Server thread/INFO]: Custom Map Seeds:  Village: 10387312 Feature: 14357617Monument: 10387313 Slime: 987234911
[15:26:29] [Server thread/INFO]: View Distance: 10
[15:26:29] [Server thread/INFO]: Cactus Growth Modifier: 100%
[15:26:29] [Server thread/INFO]: Cane Growth Modifier: 100%
[15:26:29] [Server thread/INFO]: Melon Growth Modifier: 100%
[15:26:29] [Server thread/INFO]: Mushroom Growth Modifier: 100%
[15:26:29] [Server thread/INFO]: Pumpkin Growth Modifier: 100%
[15:26:29] [Server thread/INFO]: Sapling Growth Modifier: 100%
[15:26:29] [Server thread/INFO]: Wheat Growth Modifier: 100%
[15:26:29] [Server thread/INFO]: NetherWart Growth Modifier: 100%
[15:26:29] [Server thread/INFO]: Vine Growth Modifier: 100%
[15:26:29] [Server thread/INFO]: Cocoa Growth Modifier: 100%
[15:26:29] [Server thread/INFO]: Mob Spawn Range: 4
[15:26:29] [Server thread/INFO]: Entity Activation Range: An 32 / Mo 32 / Mi 16
[15:26:29] [Server thread/INFO]: Structure Info Saving: true
[15:26:29] [Server thread/INFO]: Tile Max Tick Time: 50ms Entity max Tick Time: 50ms
[15:26:29] [Server thread/INFO]: Random Lighting Updates: false
[15:26:29] [Server thread/INFO]: Max TNT Explosions: 100
[15:26:29] [Server thread/INFO]: Entity Tracking Range: Pl 48 / An 48 / Mo 48 / Mi 32 / Other 64
[15:26:29] [Server thread/INFO]: Hopper Transfer: 8 Hopper Check: 8 Hopper Amount: 1
[15:26:29] [Server thread/INFO]: -------- World Settings For [world_the_end] --------
[15:26:29] [Server thread/INFO]: Allow Zombie Pigmen to spawn from portal blocks: true
[15:26:29] [Server thread/INFO]: Zombie Aggressive Towards Villager: true
[15:26:29] [Server thread/INFO]: Item Merge Radius: 2.5
[15:26:29] [Server thread/INFO]: Item Despawn Rate: 6000
[15:26:29] [Server thread/INFO]: Arrow Despawn Rate: 1200
[15:26:29] [Server thread/INFO]: Nerfing mobs spawned from spawners: false
[15:26:29] [Server thread/INFO]: Experience Merge Radius: 3.0
[15:26:29] [Server thread/INFO]: Custom Map Seeds:  Village: 10387312 Feature: 14357617Monument: 10387313 Slime: 987234911
[15:26:29] [Server thread/INFO]: View Distance: 10
[15:26:29] [Server thread/INFO]: Cactus Growth Modifier: 100%
[15:26:29] [Server thread/INFO]: Cane Growth Modifier: 100%
[15:26:29] [Server thread/INFO]: Melon Growth Modifier: 100%
[15:26:29] [Server thread/INFO]: Mushroom Growth Modifier: 100%
[15:26:29] [Server thread/INFO]: Pumpkin Growth Modifier: 100%
[15:26:29] [Server thread/INFO]: Sapling Growth Modifier: 100%
[15:26:29] [Server thread/INFO]: Wheat Growth Modifier: 100%
[15:26:29] [Server thread/INFO]: NetherWart Growth Modifier: 100%
[15:26:29] [Server thread/INFO]: Vine Growth Modifier: 100%
[15:26:29] [Server thread/INFO]: Cocoa Growth Modifier: 100%
[15:26:29] [Server thread/INFO]: Mob Spawn Range: 4
[15:26:29] [Server thread/INFO]: Entity Activation Range: An 32 / Mo 32 / Mi 16
[15:26:29] [Server thread/INFO]: Structure Info Saving: true
[15:26:29] [Server thread/INFO]: Tile Max Tick Time: 50ms Entity max Tick Time: 50ms
[15:26:29] [Server thread/INFO]: Random Lighting Updates: false
[15:26:29] [Server thread/INFO]: Max TNT Explosions: 100
[15:26:29] [Server thread/INFO]: Entity Tracking Range: Pl 48 / An 48 / Mo 48 / Mi 32 / Other 64
[15:26:29] [Server thread/INFO]: Hopper Transfer: 8 Hopper Check: 8 Hopper Amount: 1
[15:26:29] [Server thread/INFO]: Preparing start region for level 0 (Seed: -2706972300357431500)
[15:26:30] [Server thread/INFO]: Preparing spawn area: 71%
[15:26:31] [Server thread/INFO]: Preparing start region for level 1 (Seed: -2706972300357431500)
[15:26:32] [Server thread/INFO]: Preparing start region for level 2 (Seed: -2706972300357431500)
[15:26:32] [Server thread/INFO]: [SetSpawn] Enabling SetSpawn v2.1
[15:26:32] [Server thread/INFO]: [RaspberryJuice] Enabling RaspberryJuice v1.7
[15:26:32] [Server thread/INFO]: [RaspberryJuice] ThreadListener Started
[15:26:32] [Server thread/INFO]: Server permissions file permissions.yml is empty, ignoring it
[15:26:32] [Server thread/INFO]: Done (2,548s)! For help, type "help" or "?"
[15:27:38] [User Authenticator #1/INFO]: UUID of player Mirailix is 267ae3e3-a2a8-33ab-8405-756ed8174bdc
[15:27:39] [Server thread/INFO]: Mirailix[/127.0.0.1:54247] logged in with entity id 308 at ([world]114.56682141049333, 78.26343806987877, 455.69999998807907)
[15:28:07] [Thread-10/INFO]: [RaspberryJuice] Starting output thread!
[15:28:07] [Thread-8/INFO]: [RaspberryJuice] Opened connection to/127.0.0.1:63470.
[15:28:07] [Thread-9/INFO]: [RaspberryJuice] Starting input thread
[15:28:24] [Server thread/INFO]: [RaspberryJuice] Closed connection to/127.0.0.1:63470.
[15:29:01] [Thread-8/INFO]: [RaspberryJuice] Opened connection to/127.0.0.1:51320.
[15:29:01] [Thread-12/INFO]: [RaspberryJuice] Starting output thread!
[15:29:01] [Thread-11/INFO]: [RaspberryJuice] Starting input thread
[15:29:14] [Server thread/INFO]: [RaspberryJuice] Closed connection to/127.0.0.1:51320.
[15:31:40] [Thread-8/INFO]: [RaspberryJuice] Opened connection to/127.0.0.1:62950.
[15:31:40] [Thread-14/INFO]: [RaspberryJuice] Starting output thread!
[15:31:40] [Thread-13/INFO]: [RaspberryJuice] Starting input thread
[15:31:49] [Server thread/INFO]: [RaspberryJuice] Closed connection to/127.0.0.1:62950.
[15:32:17] [Thread-8/INFO]: [RaspberryJuice] Opened connection to/127.0.0.1:60061.
[15:32:17] [Thread-16/INFO]: [RaspberryJuice] Starting output thread!
[15:32:17] [Thread-15/INFO]: [RaspberryJuice] Starting input thread
[15:32:26] [Server thread/INFO]: [RaspberryJuice] Closed connection to/127.0.0.1:60061.
[15:33:07] [Thread-8/INFO]: [RaspberryJuice] Opened connection to/127.0.0.1:50610.
[15:33:07] [Thread-18/INFO]: [RaspberryJuice] Starting output thread!
[15:33:07] [Thread-17/INFO]: [RaspberryJuice] Starting input thread
[15:33:40] [Server thread/INFO]: [RaspberryJuice] Closed connection to/127.0.0.1:50610.
[18:18:34] [Server thread/INFO]: Mirailix lost connection: Disconnected
[18:18:34] [Server thread/INFO]: Mirailix left the game
